- VM setup
network: bridge adaptator
8.0GB Dynamicly allocated
Partitions:
2 GB swap
4.2 GB Ext4 non-bootable
"what's left" Ext bootable

Do install:
web server
SSh server
standard system utilities

$ su -
$ apt install vim sudo fail2ban -y
- Vous devez créer un utilisateur non root pour vous connecter et travailler.
$ adduser 'username' sudo
$ visudo
Then add 'username' under the 'sudo' line, in the same way
- Utilisez sudo pour pouvoir, depuis cet utilisateur, effectuer les operations demandant des droits speciaux.
$ exit
- Nous ne voulons pas que vous utilisiez le service DHCP de votre machine. A vous donc de la configurer afin qu’elle ait une IP fixe et un Netmask en /30.
$ sudo ifdown enp0s3 # down it so it will disable 'dhclient' auto
$ sudo vim /etc/network/interfaces
then replace 'dhcp' in /etc/network/interfaces by 'static'
and replace 'hotswap' to 'auto' (enp0s3) for easier manipulation and add:
address 	10.11.214.214
netmask 	255.255.255.252 #this is /30
network 	10.11.214.212	#IP calculator gave me this
broadcast	10.11.214.215	#IP calculator gave me this
gateway 	10.11.254.254	#42's E1 gateway
$ sudo ifup enp0s3
# the following commands are useless if the above's done correctly
$ sudo systemctl restart networking #to apply changes

$ ps aux | grep dhc
if dhclient is still running:
$ pkill dhclient

- Vous devez changer le port par defaut du service SSH par celui de votre choix. L’accès SSH DOIT se faire avec des publickeys. L’utilisateur root ne doit pas pouvoir se connecter en SSH.
$ sudo lsof -i -P -n	#-i: list internet related things -Pn: inhibit conversion
$ sudo vim /etc/ssh/sshd_config
to change ssh default port: change 'port 22' to the wanted port
to block root ssh conection: add 'PermitRootLogin no'
uncomment 'PubkeyAuthentification yes'
uncomment 'PasswordAuthentication yes' #temporarly
$ sudo /etc/init.d/ssh restart #to apply changes
or
$ sudo service sshd restart
then on client side:
$ ssh-keygen
$ ssh-copy-id -i ~/.ssh/id_rsa.pub username@hostIP -p 2222
connect 1 time with passwd
$ ssh username@hostIP -p 2222
$ exit
optionaly:
$ vim ~/.ssh/config
and add:
'Host 10.11.214.214
	Port 2222'
then on server side, once 'ssh-copy-id' works
$ sudo vim /etc/ssh/sshd_config
set 'PasswordAuthentication' to 'no'

- Vous devez mettre en place des règles de pare-feu (firewall) sur le serveur avec uniquement les services utilisés accessible en dehors de la VM.
#$ sudo vim /etc/network/if-pre-up.d/iptables
$ sudo vim iptables_setup.sh
and copy: http://www.auxnet.org/index.php/the-news/216-how-to-protect-from-port-scanning-and-smurf-attack-in-linux-server-by-iptables
delete the '-m icmp' and comment 'drop 10.0.0.0'

and: https://javapipe.com/blog/iptables-ddos-protection/

$ sudo chmod +x /etc/network/if-pre-up.d/iptables
#$ sudo /etc/network/if-pre-up.d/iptables
$ sudo ./iptables_setup
$ sudo iptables -L #to check rules

#pour le website
$ sudo vim /etc/apache2/ports.conf
add 'Listen 443' #TMP: cause when SSL's installed, if will listen to it
$ sudo service apache2 restart # to apply

- Vous devez mettre en place une protection contre les DOS (Denial Of Service Attack) sur les ports ouverts de votre VM.
- Vous devez mettre en place une protection contre les scans sur les ports ouverts de votre VM.
To list banned IPs:
$ sudo vim /proc/net/xt_recent/portscan
See iptables.
to check:
$ nmap -v -PN -p 0-2000,60000 10.11.214.214
- Arretez les services dont vous n’avez pas besoin pour ce projet.
To list all enabled services:
$ sudo systemctl list-unit-files | grep enabled
then delete unwanted services with:
$ sudo systemctl disable `sevice name`
- Réalisez un script qui met à jour l’ensemble des sources de package, puis de vos packages et qui log l’ensemble dans un fichier nommé /var/log/update_script.log. Créez une tache planifiée pour ce script une fois par semaine à 4h00 du matin et à chaque reboot de la machine.
- Réalisez un script qui permet de surveiller les modifications du fichier /etc/crontab et envoie un mail à root si celui-ci a été modifié. Créez une tache plannifiée pour script tous les jours à minuit.
to send mail:
$ sudo apt-get install mailutils
then modify 'local' to 'internet' in /etc/exim4/update-exim4.conf.conf

- SSL
https://www.digitalocean.com/community/tutorials/how-to-create-a-self-signed-ssl-certificate-for-apache-in-debian-9

- To check disk size:
$ sudo parted
$ (parted) unit GB
$ (parted) print

- slowloris attacks
$ nmap --script http-slowloris-check 10.12.214.214
============================================================================================










===========================================================================


Introduction

Nous vous demandons pour le bon déroulement de cette évaluation de
respecter les règles suivantes :

- Restez courtois, polis, respectueux et constructifs en toutes
situations lors de cet échange. Le lien de confiance entre la
communauté 42 et vous en dépend.

- Mettez en évidence auprès de la personne notée les
dysfonctionnements éventuels du travail rendu, et prenez le temps
d en discuter et d en débattre.

- Acceptez qu il puisse y avoir parfois des différences
d’interprétation sur les demandes du sujet ou l’étendue des
fonctionnalités. Restez ouvert d esprit face à la vision de
l'autre (a-t-il ou elle raison ou tort ?), et notez le plus
honnêtement possible. La pédagogie de 42 n'a de sens que si
la peer-évaluation est faite sérieusement.

Guidelines

- Vous ne devez évaluer que ce qui se trouve sur la VM.

- Prenez soin de vérifier que la VM est bien celle
correspondant à l'étudiant et au projet.

- Tout script sensé faciliter l'évaluation fourni par l'un des deux
partis doit être rigoureusement vérifié par l'autre parti pour
éviter des mauvaises surprises.

- Utilisez les flags disponibles sur ce barème pour signaler un
rendu vide, non fonctionnel, un cas de triche, etc. Dans ce cas, l
évaluation est terminée et la note finale est 0 (ou -42 dans le
cas special de la triche). Toutefois, hors cas de triche, vous
etes encouragés a continuer d'échanger autour du travail éffectué
(ou non éffectué justement) pour identifier les problemes ayant
entrainé cette situation et les éviter pour le prochain rendu.

Attachments
 Sujet
VM Part
Here we evaluate the VM Part.

Checks
We will check in this section that the instructions
have been respected. If only one of these points is wrong you must
end the evaluation and give a score of 0.
- The VM runs well on a Linux OS.
- Technos such as Traefik as well as that Docker/Vagrant/etc.
containers are not used in this project.
Install and Update
We will check in this section that the VM is correctly
installed and updated. To validate the evaluation of the VM,
the following tests must be passed. If this one fails,
the VM evaluation is failed and finished.

- The size of the VM disk is 8 GB.

- There is at least one 4.2 GB partition.

- From the shell of the VM, run the command that lets you
know if the OS and packages are up to date.
If you discover that the OS or packages are not up to date,
this test has failed.

- From the shell of the VM, run the command that allows
to know which packages are installed. If you discover that
docker/vagrant/traefik type packages are installed,
this test has failed.
Partie Réseau et Sécurité
Nous evaluons ici la partie Réseau et Sécurité de la VM.

Réseau et Sécurité

Nous allons verifier dans cette section que le reseau est bien
configuré sur la VM . Pour valider cette partie,
les tests suivants doivent être reussis. Si au moins l'un
d'entre eux échoue, l'évaluation du Réseau est échouée et
terminée. Passez à la section suivante du barème.

- Demandez à l'évalué de créer un user avec clé SSH pour pouvoir
se connecter à la VM. Il doit faire parti du groupe sudo. Si ce n'est pas
le cas, ce test est échoué.

- Si cet utilisateur execute la commande sudo il doit être capable
d'utiliser des commandes qui demandent des droits spéciaux. Si ce n'est
pas le cas, ce test est échoué.

- Vérifier que le service DHCP de la VM est bien désactivé. Si ce n'est
pas le cas, ce test est échoué.

- Choisissez un netmask different que /30, demandez a l'évalué de
configurer coté host et coté guest une connexion reseau avec ce netmask.
L'evalué choisira les IP. Si ce n'est pas réussi, ce test est échoué.

- Depuis un shell sur la VM, verifier que le port du SSH à bien
été modifié. L'accès SSH DOIT se faire avec des publickeys.
L'utilisateur root ne doit pas pouvoir se connecter en SSH. Si ce n'est
pas le cas, ce test est échoué.

- Depuis un shell sur la VM, lancez la commande qui permet
de lister l'ensemble des règles de pare-feu. Si aucune règle
ou que celle-ci ne sont pas suffisante par rapport à la
demande du sujet, alors ce test est échoué.

- Depuis un shell sur votre poste, lancez la commande qui permet
de tester un DOS (Slowloris ou autre). Vérifiez que tout fonctionne toujours.
De plus, vérifiez qu'un service type Fail2Ban (ou un service similaire) est installé sur la VM.
Si ce n'est pas le cas, ce test est échoué.

- Depuis un shell sur la VM, lancez la commande qui permet
de lister les ports ouverts. Vérifiez que les ports ouverts
correspondent à la demande du sujet. Si ce n'est pas le cas, ce
test est échoué.

- Vérifiez si les services actifs de la machine sont uniquement ceux
nécessaires à son bon fonctionnement. Si ce n'est pas le cas, ce test
est échoué.

- Vérifiez qu'il y a bien un script permet de mettre à jour l’ensemble des sources
de package, des packages, qui log dans le bon fichier et que celui-ci est en cron.
Si ce n'est pas le cas, ce test est échoué.

- Vérifiez qu'il y a bien un script permet de surveiller les modifications du fichier
/etc/crontab et qu'il envoie un mail à root s'il a été modifié.
Vous devez donc recevoir un mail montrant que le fichier a changé, soit en local avec
la commande mail, soit dans votre propre boite mail. Si ce n'est pas le cas, ce test
est échoué.

- Vérifiez qu'il y a bien du SSL auto-signé sur l'ensemble des services. Si ce n'est
pas le cas, ce test est échoué.

Web Part
Here we evaluate the Web Part.

Web Server
We will check in this section that the web server is
implemented on the VM. To validate this part,
the next three tests must be passed. If at least one of them
of them fail, the Web server evaluation is failed and
finished. Proceed to the next section of the scale.

- From a shell of the VM, check that the package of a Web server
is installed. If this is not the case, this test is failed.

- From a shell of the VM, check that there is only one active configuration
on the web server and not the default one. In addition, it
should not "Listen" on the localhost of the VM. If it is not respected,
this test has failed.

- Check that the web application corresponds to what is required in
the subject and is available on any browser on the IP
of the VM or a host (init.login.fr for example). If it's not the
in this case, this test is failed.
Deployment Part
Here we evaluate the Deployment Part of the VM.

Deployment Part
We will check in this section that the deployment is going well.
To validate this part, the following two tests must be succeed.

- Ask the student to explain how he chose
to do the deployment and why he chose this solution.

- Make a minor modification on the site to ensure that the
deployment is working well.
